[0.548s] Invoking command in '/home/vboxuser/Documents/projet_M2_SSIO_2025-2026/src/planner': PYTHONPATH=/home/vboxuser/Documents/projet_M2_SSIO_2025-2026/src/build/planner/prefix_override:/usr/lib/python3/dist-packages/colcon_core/task/python/colcon_distutils_commands:/home/vboxuser/Documents/projet_M2_SSIO_2025-2026/src/install/planner/lib/python3.10/site-packages:${PYTHONPATH} /usr/bin/python3 -W ignore:setup.py install is deprecated -W ignore:easy_install command is deprecated setup.py egg_info --egg-base ../build/planner build --build-base /home/vboxuser/Documents/projet_M2_SSIO_2025-2026/src/build/planner/build install --record /home/vboxuser/Documents/projet_M2_SSIO_2025-2026/src/build/planner/install.log --single-version-externally-managed install_data
[0.714s] running egg_info
[0.714s] writing ../build/planner/planner.egg-info/PKG-INFO
[0.717s] writing dependency_links to ../build/planner/planner.egg-info/dependency_links.txt
[0.717s] writing entry points to ../build/planner/planner.egg-info/entry_points.txt
[0.718s] writing requirements to ../build/planner/planner.egg-info/requires.txt
[0.718s] writing top-level names to ../build/planner/planner.egg-info/top_level.txt
[0.719s] reading manifest file '../build/planner/planner.egg-info/SOURCES.txt'
[0.721s] writing manifest file '../build/planner/planner.egg-info/SOURCES.txt'
[0.721s] running build
[0.721s] running build_py
[0.722s] copying planner/__init__.py -> /home/vboxuser/Documents/projet_M2_SSIO_2025-2026/src/build/planner/build/lib/planner
[0.723s] running install
[0.723s] running install_lib
[0.724s] copying /home/vboxuser/Documents/projet_M2_SSIO_2025-2026/src/build/planner/build/lib/planner/__init__.py -> /home/vboxuser/Documents/projet_M2_SSIO_2025-2026/src/install/planner/lib/python3.10/site-packages/planner
[0.724s] byte-compiling /home/vboxuser/Documents/projet_M2_SSIO_2025-2026/src/install/planner/lib/python3.10/site-packages/planner/__init__.py to __init__.cpython-310.pyc
[0.725s] running install_data
[0.727s] running install_egg_info
[0.727s] removing '/home/vboxuser/Documents/projet_M2_SSIO_2025-2026/src/install/planner/lib/python3.10/site-packages/planner-0.0.0-py3.10.egg-info' (and everything under it)
[0.727s] Copying ../build/planner/planner.egg-info to /home/vboxuser/Documents/projet_M2_SSIO_2025-2026/src/install/planner/lib/python3.10/site-packages/planner-0.0.0-py3.10.egg-info
[0.728s] running install_scripts
[0.741s] Installing planner_node script to /home/vboxuser/Documents/projet_M2_SSIO_2025-2026/src/install/planner/lib/planner
[0.743s] writing list of installed files to '/home/vboxuser/Documents/projet_M2_SSIO_2025-2026/src/build/planner/install.log'
[0.757s] Invoked command in '/home/vboxuser/Documents/projet_M2_SSIO_2025-2026/src/planner' returned '0': PYTHONPATH=/home/vboxuser/Documents/projet_M2_SSIO_2025-2026/src/build/planner/prefix_override:/usr/lib/python3/dist-packages/colcon_core/task/python/colcon_distutils_commands:/home/vboxuser/Documents/projet_M2_SSIO_2025-2026/src/install/planner/lib/python3.10/site-packages:${PYTHONPATH} /usr/bin/python3 -W ignore:setup.py install is deprecated -W ignore:easy_install command is deprecated setup.py egg_info --egg-base ../build/planner build --build-base /home/vboxuser/Documents/projet_M2_SSIO_2025-2026/src/build/planner/build install --record /home/vboxuser/Documents/projet_M2_SSIO_2025-2026/src/build/planner/install.log --single-version-externally-managed install_data
