running egg_info
creating ../build/planner/planner.egg-info
writing ../build/planner/planner.egg-info/PKG-INFO
writing dependency_links to ../build/planner/planner.egg-info/dependency_links.txt
writing entry points to ../build/planner/planner.egg-info/entry_points.txt
writing requirements to ../build/planner/planner.egg-info/requires.txt
writing top-level names to ../build/planner/planner.egg-info/top_level.txt
writing manifest file '../build/planner/planner.egg-info/SOURCES.txt'
reading manifest file '../build/planner/planner.egg-info/SOURCES.txt'
writing manifest file '../build/planner/planner.egg-info/SOURCES.txt'
running build
running build_py
creating /home/vboxuser/Documents/projet_M2_SSIO_2025-2026/src/build/planner/build
creating /home/vboxuser/Documents/projet_M2_SSIO_2025-2026/src/build/planner/build/lib
creating /home/vboxuser/Documents/projet_M2_SSIO_2025-2026/src/build/planner/build/lib/planner
copying planner/__init__.py -> /home/vboxuser/Documents/projet_M2_SSIO_2025-2026/src/build/planner/build/lib/planner
copying planner/planner_node.py -> /home/vboxuser/Documents/projet_M2_SSIO_2025-2026/src/build/planner/build/lib/planner
running install
running install_lib
creating /home/vboxuser/Documents/projet_M2_SSIO_2025-2026/src/install/planner/lib/python3.10/site-packages/planner
copying /home/vboxuser/Documents/projet_M2_SSIO_2025-2026/src/build/planner/build/lib/planner/__init__.py -> /home/vboxuser/Documents/projet_M2_SSIO_2025-2026/src/install/planner/lib/python3.10/site-packages/planner
copying /home/vboxuser/Documents/projet_M2_SSIO_2025-2026/src/build/planner/build/lib/planner/planner_node.py -> /home/vboxuser/Documents/projet_M2_SSIO_2025-2026/src/install/planner/lib/python3.10/site-packages/planner
byte-compiling /home/vboxuser/Documents/projet_M2_SSIO_2025-2026/src/install/planner/lib/python3.10/site-packages/planner/__init__.py to __init__.cpython-310.pyc
byte-compiling /home/vboxuser/Documents/projet_M2_SSIO_2025-2026/src/install/planner/lib/python3.10/site-packages/planner/planner_node.py to planner_node.cpython-310.pyc
running install_data
creating /home/vboxuser/Documents/projet_M2_SSIO_2025-2026/src/install/planner/share/ament_index
creating /home/vboxuser/Documents/projet_M2_SSIO_2025-2026/src/install/planner/share/ament_index/resource_index
creating /home/vboxuser/Documents/projet_M2_SSIO_2025-2026/src/install/planner/share/ament_index/resource_index/packages
copying resource/planner -> /home/vboxuser/Documents/projet_M2_SSIO_2025-2026/src/install/planner/share/ament_index/resource_index/packages
copying package.xml -> /home/vboxuser/Documents/projet_M2_SSIO_2025-2026/src/install/planner/share/planner
running install_egg_info
Copying ../build/planner/planner.egg-info to /home/vboxuser/Documents/projet_M2_SSIO_2025-2026/src/install/planner/lib/python3.10/site-packages/planner-0.0.0-py3.10.egg-info
running install_scripts
Installing planner_node script to /home/vboxuser/Documents/projet_M2_SSIO_2025-2026/src/install/planner/lib/planner
writing list of installed files to '/home/vboxuser/Documents/projet_M2_SSIO_2025-2026/src/build/planner/install.log'
