/home/vboxuser/Documents/projet_M2_SSIO_2025-2026/src/install/planner/lib/python3.10/site-packages/planner/__init__.py
/home/vboxuser/Documents/projet_M2_SSIO_2025-2026/src/install/planner/lib/python3.10/site-packages/planner/_test_helpers.py
/home/vboxuser/Documents/projet_M2_SSIO_2025-2026/src/install/planner/lib/python3.10/site-packages/planner/matrix_utils.py
/home/vboxuser/Documents/projet_M2_SSIO_2025-2026/src/install/planner/lib/python3.10/site-packages/planner/representation_env.py
/home/vboxuser/Documents/projet_M2_SSIO_2025-2026/src/install/planner/lib/python3.10/site-packages/planner/planner_node.py
/home/vboxuser/Documents/projet_M2_SSIO_2025-2026/src/install/planner/lib/python3.10/site-packages/planner/test_q_learning.py
/home/vboxuser/Documents/projet_M2_SSIO_2025-2026/src/install/planner/lib/python3.10/site-packages/planner/dijkstra_turtlebot_test.py
/home/vboxuser/Documents/projet_M2_SSIO_2025-2026/src/install/planner/lib/python3.10/site-packages/planner/q_learning.py
/home/vboxuser/Documents/projet_M2_SSIO_2025-2026/src/install/planner/lib/python3.10/site-packages/planner/test_a_star.py
/home/vboxuser/Documents/projet_M2_SSIO_2025-2026/src/install/planner/lib/python3.10/site-packages/planner/test_dijkstra.py
/home/vboxuser/Documents/projet_M2_SSIO_2025-2026/src/install/planner/lib/python3.10/site-packages/planner/a_star.py
/home/vboxuser/Documents/projet_M2_SSIO_2025-2026/src/install/planner/lib/python3.10/site-packages/planner/test_all_algorithms.py
/home/vboxuser/Documents/projet_M2_SSIO_2025-2026/src/install/planner/lib/python3.10/site-packages/planner/dijkstra.py
/home/vboxuser/Documents/projet_M2_SSIO_2025-2026/src/install/planner/lib/python3.10/site-packages/planner/__pycache__/__init__.cpython-310.pyc
/home/vboxuser/Documents/projet_M2_SSIO_2025-2026/src/install/planner/lib/python3.10/site-packages/planner/__pycache__/_test_helpers.cpython-310.pyc
/home/vboxuser/Documents/projet_M2_SSIO_2025-2026/src/install/planner/lib/python3.10/site-packages/planner/__pycache__/matrix_utils.cpython-310.pyc
/home/vboxuser/Documents/projet_M2_SSIO_2025-2026/src/install/planner/lib/python3.10/site-packages/planner/__pycache__/representation_env.cpython-310.pyc
/home/vboxuser/Documents/projet_M2_SSIO_2025-2026/src/install/planner/lib/python3.10/site-packages/planner/__pycache__/planner_node.cpython-310.pyc
/home/vboxuser/Documents/projet_M2_SSIO_2025-2026/src/install/planner/lib/python3.10/site-packages/planner/__pycache__/test_q_learning.cpython-310.pyc
/home/vboxuser/Documents/projet_M2_SSIO_2025-2026/src/install/planner/lib/python3.10/site-packages/planner/__pycache__/dijkstra_turtlebot_test.cpython-310.pyc
/home/vboxuser/Documents/projet_M2_SSIO_2025-2026/src/install/planner/lib/python3.10/site-packages/planner/__pycache__/q_learning.cpython-310.pyc
/home/vboxuser/Documents/projet_M2_SSIO_2025-2026/src/install/planner/lib/python3.10/site-packages/planner/__pycache__/test_a_star.cpython-310.pyc
/home/vboxuser/Documents/projet_M2_SSIO_2025-2026/src/install/planner/lib/python3.10/site-packages/planner/__pycache__/test_dijkstra.cpython-310.pyc
/home/vboxuser/Documents/projet_M2_SSIO_2025-2026/src/install/planner/lib/python3.10/site-packages/planner/__pycache__/a_star.cpython-310.pyc
/home/vboxuser/Documents/projet_M2_SSIO_2025-2026/src/install/planner/lib/python3.10/site-packages/planner/__pycache__/test_all_algorithms.cpython-310.pyc
/home/vboxuser/Documents/projet_M2_SSIO_2025-2026/src/install/planner/lib/python3.10/site-packages/planner/__pycache__/dijkstra.cpython-310.pyc
/home/vboxuser/Documents/projet_M2_SSIO_2025-2026/src/install/planner/share/ament_index/resource_index/packages/planner
/home/vboxuser/Documents/projet_M2_SSIO_2025-2026/src/install/planner/share/planner/package.xml
/home/vboxuser/Documents/projet_M2_SSIO_2025-2026/src/install/planner/lib/python3.10/site-packages/planner-0.0.0-py3.10.egg-info/SOURCES.txt
/home/vboxuser/Documents/projet_M2_SSIO_2025-2026/src/install/planner/lib/python3.10/site-packages/planner-0.0.0-py3.10.egg-info/top_level.txt
/home/vboxuser/Documents/projet_M2_SSIO_2025-2026/src/install/planner/lib/python3.10/site-packages/planner-0.0.0-py3.10.egg-info/PKG-INFO
/home/vboxuser/Documents/projet_M2_SSIO_2025-2026/src/install/planner/lib/python3.10/site-packages/planner-0.0.0-py3.10.egg-info/zip-safe
/home/vboxuser/Documents/projet_M2_SSIO_2025-2026/src/install/planner/lib/python3.10/site-packages/planner-0.0.0-py3.10.egg-info/entry_points.txt
/home/vboxuser/Documents/projet_M2_SSIO_2025-2026/src/install/planner/lib/python3.10/site-packages/planner-0.0.0-py3.10.egg-info/requires.txt
/home/vboxuser/Documents/projet_M2_SSIO_2025-2026/src/install/planner/lib/python3.10/site-packages/planner-0.0.0-py3.10.egg-info/dependency_links.txt
/home/vboxuser/Documents/projet_M2_SSIO_2025-2026/src/install/planner/lib/planner/dijkstra_turtlebot_test
/home/vboxuser/Documents/projet_M2_SSIO_2025-2026/src/install/planner/lib/planner/planner_node
