[1.716s] Invoking command in '/home/vboxuser/Documents/projet_M2_SSIO_2025-2026/src/planner': PYTHONPATH=/home/vboxuser/Documents/projet_M2_SSIO_2025-2026/src/build/planner/prefix_override:/usr/lib/python3/dist-packages/colcon_core/task/python/colcon_distutils_commands:/home/vboxuser/Documents/projet_M2_SSIO_2025-2026/src/install/planner/lib/python3.10/site-packages:${PYTHONPATH} /usr/bin/python3 -W ignore:setup.py install is deprecated -W ignore:easy_install command is deprecated setup.py egg_info --egg-base ../build/planner build --build-base /home/vboxuser/Documents/projet_M2_SSIO_2025-2026/src/build/planner/build install --record /home/vboxuser/Documents/projet_M2_SSIO_2025-2026/src/build/planner/install.log --single-version-externally-managed install_data
[2.165s] running egg_info
[2.170s] writing ../build/planner/planner.egg-info/PKG-INFO
[2.177s] writing dependency_links to ../build/planner/planner.egg-info/dependency_links.txt
[2.177s] writing entry points to ../build/planner/planner.egg-info/entry_points.txt
[2.177s] writing requirements to ../build/planner/planner.egg-info/requires.txt
[2.178s] writing top-level names to ../build/planner/planner.egg-info/top_level.txt
[2.178s] reading manifest file '../build/planner/planner.egg-info/SOURCES.txt'
[2.198s] writing manifest file '../build/planner/planner.egg-info/SOURCES.txt'
[2.198s] running build
[2.198s] running build_py
[2.200s] copying planner/planner_node.py -> /home/vboxuser/Documents/projet_M2_SSIO_2025-2026/src/build/planner/build/lib/planner
[2.201s] running install
[2.201s] running install_lib
[2.202s] copying /home/vboxuser/Documents/projet_M2_SSIO_2025-2026/src/build/planner/build/lib/planner/planner_node.py -> /home/vboxuser/Documents/projet_M2_SSIO_2025-2026/src/install/planner/lib/python3.10/site-packages/planner
[2.204s] byte-compiling /home/vboxuser/Documents/projet_M2_SSIO_2025-2026/src/install/planner/lib/python3.10/site-packages/planner/planner_node.py to planner_node.cpython-310.pyc
[2.205s] running install_data
[2.206s] running install_egg_info
[2.212s] removing '/home/vboxuser/Documents/projet_M2_SSIO_2025-2026/src/install/planner/lib/python3.10/site-packages/planner-0.0.0-py3.10.egg-info' (and everything under it)
[2.212s] Copying ../build/planner/planner.egg-info to /home/vboxuser/Documents/projet_M2_SSIO_2025-2026/src/install/planner/lib/python3.10/site-packages/planner-0.0.0-py3.10.egg-info
[2.215s] running install_scripts
[2.277s] Installing planner_node script to /home/vboxuser/Documents/projet_M2_SSIO_2025-2026/src/install/planner/lib/planner
[2.296s] writing list of installed files to '/home/vboxuser/Documents/projet_M2_SSIO_2025-2026/src/build/planner/install.log'
[2.298s] Invoked command in '/home/vboxuser/Documents/projet_M2_SSIO_2025-2026/src/planner' returned '0': PYTHONPATH=/home/vboxuser/Documents/projet_M2_SSIO_2025-2026/src/build/planner/prefix_override:/usr/lib/python3/dist-packages/colcon_core/task/python/colcon_distutils_commands:/home/vboxuser/Documents/projet_M2_SSIO_2025-2026/src/install/planner/lib/python3.10/site-packages:${PYTHONPATH} /usr/bin/python3 -W ignore:setup.py install is deprecated -W ignore:easy_install command is deprecated setup.py egg_info --egg-base ../build/planner build --build-base /home/vboxuser/Documents/projet_M2_SSIO_2025-2026/src/build/planner/build install --record /home/vboxuser/Documents/projet_M2_SSIO_2025-2026/src/build/planner/install.log --single-version-externally-managed install_data
