[1.645s] Invoking command in '/home/vboxuser/Documents/projet_M2_SSIO_2025-2026/src/planner': PYTHONPATH=/home/vboxuser/Documents/projet_M2_SSIO_2025-2026/src/build/planner/prefix_override:/usr/lib/python3/dist-packages/colcon_core/task/python/colcon_distutils_commands:/home/vboxuser/Documents/projet_M2_SSIO_2025-2026/src/install/planner/lib/python3.10/site-packages:${PYTHONPATH} /usr/bin/python3 -W ignore:setup.py install is deprecated -W ignore:easy_install command is deprecated setup.py egg_info --egg-base ../build/planner build --build-base /home/vboxuser/Documents/projet_M2_SSIO_2025-2026/src/build/planner/build install --record /home/vboxuser/Documents/projet_M2_SSIO_2025-2026/src/build/planner/install.log --single-version-externally-managed install_data
[2.125s] running egg_info
[2.125s] writing ../build/planner/planner.egg-info/PKG-INFO
[2.125s] writing dependency_links to ../build/planner/planner.egg-info/dependency_links.txt
[2.125s] writing entry points to ../build/planner/planner.egg-info/entry_points.txt
[2.125s] writing requirements to ../build/planner/planner.egg-info/requires.txt
[2.125s] writing top-level names to ../build/planner/planner.egg-info/top_level.txt
[2.125s] reading manifest file '../build/planner/planner.egg-info/SOURCES.txt'
[2.125s] writing manifest file '../build/planner/planner.egg-info/SOURCES.txt'
[2.125s] running build
[2.125s] running build_py
[2.135s] copying planner/__init__.py -> /home/vboxuser/Documents/projet_M2_SSIO_2025-2026/src/build/planner/build/lib/planner
[2.135s] running install
[2.135s] running install_lib
[2.135s] copying /home/vboxuser/Documents/projet_M2_SSIO_2025-2026/src/build/planner/build/lib/planner/__init__.py -> /home/vboxuser/Documents/projet_M2_SSIO_2025-2026/src/install/planner/lib/python3.10/site-packages/planner
[2.135s] byte-compiling /home/vboxuser/Documents/projet_M2_SSIO_2025-2026/src/install/planner/lib/python3.10/site-packages/planner/__init__.py to __init__.cpython-310.pyc
[2.135s] running install_data
[2.136s] running install_egg_info
[2.136s] removing '/home/vboxuser/Documents/projet_M2_SSIO_2025-2026/src/install/planner/lib/python3.10/site-packages/planner-0.0.0-py3.10.egg-info' (and everything under it)
[2.137s] Copying ../build/planner/planner.egg-info to /home/vboxuser/Documents/projet_M2_SSIO_2025-2026/src/install/planner/lib/python3.10/site-packages/planner-0.0.0-py3.10.egg-info
[2.141s] running install_scripts
[2.223s] Installing planner_node script to /home/vboxuser/Documents/projet_M2_SSIO_2025-2026/src/install/planner/lib/planner
[2.224s] writing list of installed files to '/home/vboxuser/Documents/projet_M2_SSIO_2025-2026/src/build/planner/install.log'
[2.231s] Invoked command in '/home/vboxuser/Documents/projet_M2_SSIO_2025-2026/src/planner' returned '0': PYTHONPATH=/home/vboxuser/Documents/projet_M2_SSIO_2025-2026/src/build/planner/prefix_override:/usr/lib/python3/dist-packages/colcon_core/task/python/colcon_distutils_commands:/home/vboxuser/Documents/projet_M2_SSIO_2025-2026/src/install/planner/lib/python3.10/site-packages:${PYTHONPATH} /usr/bin/python3 -W ignore:setup.py install is deprecated -W ignore:easy_install command is deprecated setup.py egg_info --egg-base ../build/planner build --build-base /home/vboxuser/Documents/projet_M2_SSIO_2025-2026/src/build/planner/build install --record /home/vboxuser/Documents/projet_M2_SSIO_2025-2026/src/build/planner/install.log --single-version-externally-managed install_data
